*** Using Compiler 'V6.24', folder: 'D:\Keil\V5.4\ARM\ARMCLANG\Bin'
Build target 'empty_LP_MSPM0G3507_nortos_keil'
Note: source file '..\port\src\port_imu.c' - object file renamed from '.\Objects\port_imu.o' to '.\Objects\port_imu_1.o'.Before Build - User command #1: cmd.exe /C "C:\ti\mspm0_sdk_2_10_00_04\tools\keil\syscfg.bat 'c:\ti\mspm0_project\board\empty\keil\' empty.syscfg"
Using Sysconfig Tool from "C:\ti\sysconfig_1.27.1\sysconfig_cli.bat"
"Update the file located at <sdk path>/tools/keil/syscfg.bat to use a different version"
"Couldn't find .metadata\product.json"
Invalid argument '-s': File "c:\.metadata\product.json" does not exist
compiling list.c...
compiling port.c...
compiling ti_msp_dl_config.c...
compiling event_groups.c...
compiling timers.c...
compiling stream_buffer.c...
compiling queue.c...
compiling tasks.c...
compiling portasm.c...
compiling app_encoder.c...
compiling app_button.c...
compiling heap_4.c...
compiling app_led.c...
compiling app_init.c...
compiling app_flash.c...
compiling app_imu.c...
compiling port_system.c...
compiling app_tft.c...
compiling port_encoder.c...
compiling port_button.c...
../port/src/port_led.c(14): warning: 'LED_PORT' macro redefined [-Wmacro-redefined]
   14 | #define LED_PORT        GPIOB
      |         ^
..\ti_msp_dl_config.h(133): note: previous definition is here
  133 | #define LED_PORT                                                         (GPIOB)
      |         ^
1 warning generated.
compiling port_led.c...
compiling port_flash.c...
compiling port_imu.c...
compiling port_tft.c...
linking...
Program Size: Code=34740 RO-data=3132 RW-data=16 ZI-data=14000  
FromELF: creating hex file...
".\Objects\empty_LP_MSPM0G3507_nortos_keil.axf" - 0 Error(s), 1 Warning(s).
Build Time Elapsed:  00:00:07
